<!doctype html><html>
 <head>
  <meta content="width=device-width,initial-scale=1" name="viewport"/>
  <meta charset="utf-8"/>
  <link href="../../../../style.css" rel="stylesheet" type="text/css"/>
 </head>
 <body>
  <h2>
   Coverage Report
  </h2>
  <h4>
   Created: 2024-02-25 14:12
  </h4>
  <div class="centered">
   <table>
    <div class="source-name-title">
     <pre>C:/Git/bowling_game_kata/c_cmake/lib/bowling_game/src/bowling_game.c</pre>
    </div>
    <tr>
     <td>
      <pre>Line</pre>
     </td>
     <td>
      <pre>Count</pre>
     </td>
     <td>
      <pre>Source</pre>
     </td>
    </tr>
    <tr>
     <td class="line-number">
      <a href="#L1" name="L1">
       <pre>1</pre>
      </a>
     </td>
     <td class="uncovered-line">
     </td>
     <td class="code">
      <pre>#include "bowling_game.h"</pre>
     </td>
    </tr>
    <tr>
     <td class="line-number">
      <a href="#L2" name="L2">
       <pre>2</pre>
      </a>
     </td>
     <td class="uncovered-line">
     </td>
     <td class="code">
      <pre>#include &lt;stdlib.h&gt;</pre>
     </td>
    </tr>
    <tr>
     <td class="line-number">
      <a href="#L3" name="L3">
       <pre>3</pre>
      </a>
     </td>
     <td class="uncovered-line">
     </td>
     <td class="code">
      <pre></pre>
     </td>
    </tr>
    <tr>
     <td class="line-number">
      <a href="#L4" name="L4">
       <pre>4</pre>
      </a>
     </td>
     <td class="uncovered-line">
     </td>
     <td class="code">
      <pre>enum { max_rolls = 21 };</pre>
     </td>
    </tr>
    <tr>
     <td class="line-number">
      <a href="#L5" name="L5">
       <pre>5</pre>
      </a>
     </td>
     <td class="uncovered-line">
     </td>
     <td class="code">
      <pre>struct bowling_game{</pre>
     </td>
    </tr>
    <tr>
     <td class="line-number">
      <a href="#L6" name="L6">
       <pre>6</pre>
      </a>
     </td>
     <td class="uncovered-line">
     </td>
     <td class="code">
      <pre>    int rolls[max_rolls];</pre>
     </td>
    </tr>
    <tr>
     <td class="line-number">
      <a href="#L7" name="L7">
       <pre>7</pre>
      </a>
     </td>
     <td class="uncovered-line">
     </td>
     <td class="code">
      <pre>    int current_roll;</pre>
     </td>
    </tr>
    <tr>
     <td class="line-number">
      <a href="#L8" name="L8">
       <pre>8</pre>
      </a>
     </td>
     <td class="uncovered-line">
     </td>
     <td class="code">
      <pre>};</pre>
     </td>
    </tr>
    <tr>
     <td class="line-number">
      <a href="#L9" name="L9">
       <pre>9</pre>
      </a>
     </td>
     <td class="uncovered-line">
     </td>
     <td class="code">
      <pre></pre>
     </td>
    </tr>
    <tr>
     <td class="line-number">
      <a href="#L10" name="L10">
       <pre>10</pre>
      </a>
     </td>
     <td class="covered-line">
      <pre>150</pre>
     </td>
     <td class="code">
      <pre>static bool is_strike(struct bowling_game * game, int frame_index){</pre>
     </td>
    </tr>
    <tr>
     <td class="line-number">
      <a href="#L11" name="L11">
       <pre>11</pre>
      </a>
     </td>
     <td class="covered-line">
      <pre>150</pre>
     </td>
     <td class="code">
      <pre>    return ( game-&gt;rolls[frame_index] == 10 );</pre>
     </td>
    </tr>
    <tr>
     <td class="line-number">
      <a href="#L12" name="L12">
       <pre>12</pre>
      </a>
     </td>
     <td class="covered-line">
      <pre>150</pre>
     </td>
     <td class="code">
      <pre>}</pre>
     </td>
    </tr>
    <tr>
     <td class="line-number">
      <a href="#L13" name="L13">
       <pre>13</pre>
      </a>
     </td>
     <td class="uncovered-line">
     </td>
     <td class="code">
      <pre></pre>
     </td>
    </tr>
    <tr>
     <td class="line-number">
      <a href="#L14" name="L14">
       <pre>14</pre>
      </a>
     </td>
     <td class="covered-line">
      <pre>117</pre>
     </td>
     <td class="code">
      <pre>static bool is_spare(struct bowling_game * game, int frame_index){</pre>
     </td>
    </tr>
    <tr>
     <td class="line-number">
      <a href="#L15" name="L15">
       <pre>15</pre>
      </a>
     </td>
     <td class="covered-line">
      <pre>117</pre>
     </td>
     <td class="code">
      <pre>    return ( (game-&gt;rolls[frame_index] + game-&gt;rolls[frame_index+1]) == 10 );</pre>
     </td>
    </tr>
    <tr>
     <td class="line-number">
      <a href="#L16" name="L16">
       <pre>16</pre>
      </a>
     </td>
     <td class="covered-line">
      <pre>117</pre>
     </td>
     <td class="code">
      <pre>}</pre>
     </td>
    </tr>
    <tr>
     <td class="line-number">
      <a href="#L17" name="L17">
       <pre>17</pre>
      </a>
     </td>
     <td class="uncovered-line">
     </td>
     <td class="code">
      <pre></pre>
     </td>
    </tr>
    <tr>
     <td class="line-number">
      <a href="#L18" name="L18">
       <pre>18</pre>
      </a>
     </td>
     <td class="covered-line">
      <pre>33</pre>
     </td>
     <td class="code">
      <pre>static int strike_score(struct bowling_game * game, int frame_index){</pre>
     </td>
    </tr>
    <tr>
     <td class="line-number">
      <a href="#L19" name="L19">
       <pre>19</pre>
      </a>
     </td>
     <td class="covered-line">
      <pre>33</pre>
     </td>
     <td class="code">
      <pre>    return 10 + game-&gt;rolls[frame_index+1] + game-&gt;rolls[frame_index+2];</pre>
     </td>
    </tr>
    <tr>
     <td class="line-number">
      <a href="#L20" name="L20">
       <pre>20</pre>
      </a>
     </td>
     <td class="covered-line">
      <pre>33</pre>
     </td>
     <td class="code">
      <pre>}</pre>
     </td>
    </tr>
    <tr>
     <td class="line-number">
      <a href="#L21" name="L21">
       <pre>21</pre>
      </a>
     </td>
     <td class="uncovered-line">
     </td>
     <td class="code">
      <pre></pre>
     </td>
    </tr>
    <tr>
     <td class="line-number">
      <a href="#L22" name="L22">
       <pre>22</pre>
      </a>
     </td>
     <td class="covered-line">
      <pre>3</pre>
     </td>
     <td class="code">
      <pre>static int spare_score(struct bowling_game * game, int frame_index){</pre>
     </td>
    </tr>
    <tr>
     <td class="line-number">
      <a href="#L23" name="L23">
       <pre>23</pre>
      </a>
     </td>
     <td class="covered-line">
      <pre>3</pre>
     </td>
     <td class="code">
      <pre>    return 10 + game-&gt;rolls[frame_index+2];</pre>
     </td>
    </tr>
    <tr>
     <td class="line-number">
      <a href="#L24" name="L24">
       <pre>24</pre>
      </a>
     </td>
     <td class="covered-line">
      <pre>3</pre>
     </td>
     <td class="code">
      <pre>}</pre>
     </td>
    </tr>
    <tr>
     <td class="line-number">
      <a href="#L25" name="L25">
       <pre>25</pre>
      </a>
     </td>
     <td class="uncovered-line">
     </td>
     <td class="code">
      <pre></pre>
     </td>
    </tr>
    <tr>
     <td class="line-number">
      <a href="#L26" name="L26">
       <pre>26</pre>
      </a>
     </td>
     <td class="covered-line">
      <pre>114</pre>
     </td>
     <td class="code">
      <pre>static int nomal_score(struct bowling_game * game, int frame_index){</pre>
     </td>
    </tr>
    <tr>
     <td class="line-number">
      <a href="#L27" name="L27">
       <pre>27</pre>
      </a>
     </td>
     <td class="covered-line">
      <pre>114</pre>
     </td>
     <td class="code">
      <pre>    return game-&gt;rolls[frame_index] + game-&gt;rolls[frame_index+1];</pre>
     </td>
    </tr>
    <tr>
     <td class="line-number">
      <a href="#L28" name="L28">
       <pre>28</pre>
      </a>
     </td>
     <td class="covered-line">
      <pre>114</pre>
     </td>
     <td class="code">
      <pre>}</pre>
     </td>
    </tr>
    <tr>
     <td class="line-number">
      <a href="#L29" name="L29">
       <pre>29</pre>
      </a>
     </td>
     <td class="uncovered-line">
     </td>
     <td class="code">
      <pre></pre>
     </td>
    </tr>
    <tr>
     <td class="line-number">
      <a href="#L30" name="L30">
       <pre>30</pre>
      </a>
     </td>
     <td class="covered-line">
      <pre>15</pre>
     </td>
     <td class="code">
      <pre>struct bowling_game * bowling_game_create(void){</pre>
     </td>
    </tr>
    <tr>
     <td class="line-number">
      <a href="#L31" name="L31">
       <pre>31</pre>
      </a>
     </td>
     <td class="covered-line">
      <pre>15</pre>
     </td>
     <td class="code">
      <pre>    struct bowling_game * game;</pre>
     </td>
    </tr>
    <tr>
     <td class="line-number">
      <a href="#L32" name="L32">
       <pre>32</pre>
      </a>
     </td>
     <td class="covered-line">
      <pre>15</pre>
     </td>
     <td class="code">
      <pre>    int i;</pre>
     </td>
    </tr>
    <tr>
     <td class="line-number">
      <a href="#L33" name="L33">
       <pre>33</pre>
      </a>
     </td>
     <td class="uncovered-line">
     </td>
     <td class="code">
      <pre></pre>
     </td>
    </tr>
    <tr>
     <td class="line-number">
      <a href="#L34" name="L34">
       <pre>34</pre>
      </a>
     </td>
     <td class="covered-line">
      <pre>15</pre>
     </td>
     <td class="code">
      <pre>    game = malloc(sizeof(struct bowling_game));</pre>
     </td>
    </tr>
    <tr>
     <td class="line-number">
      <a href="#L35" name="L35">
       <pre>35</pre>
      </a>
     </td>
     <td class="covered-line">
      <pre>330</pre>
     </td>
     <td class="code">
      <pre>    for(i=0; i&lt;max_rolls; <div class="tooltip">i++<span class="tooltip-content">315</span></div>){</pre>
      <div class="expansion-view">
       <pre>  Branch (<span class="line-number"><a href="#L35" name="L35"><span>35:14</span></a></span>): [<span class="None">True</span>: <span class="covered-line">315</span>, <span class="None">False</span>: <span class="covered-line">15</span>]
</pre>
      </div>
     </td>
    </tr>
    <tr>
     <td class="line-number">
      <a href="#L36" name="L36">
       <pre>36</pre>
      </a>
     </td>
     <td class="covered-line">
      <pre>315</pre>
     </td>
     <td class="code">
      <pre>        game-&gt;rolls[i] = 0;</pre>
     </td>
    </tr>
    <tr>
     <td class="line-number">
      <a href="#L37" name="L37">
       <pre>37</pre>
      </a>
     </td>
     <td class="covered-line">
      <pre>315</pre>
     </td>
     <td class="code">
      <pre>    }</pre>
     </td>
    </tr>
    <tr>
     <td class="line-number">
      <a href="#L38" name="L38">
       <pre>38</pre>
      </a>
     </td>
     <td class="covered-line">
      <pre>15</pre>
     </td>
     <td class="code">
      <pre>    game-&gt;current_roll = 0;</pre>
     </td>
    </tr>
    <tr>
     <td class="line-number">
      <a href="#L39" name="L39">
       <pre>39</pre>
      </a>
     </td>
     <td class="uncovered-line">
     </td>
     <td class="code">
      <pre></pre>
     </td>
    </tr>
    <tr>
     <td class="line-number">
      <a href="#L40" name="L40">
       <pre>40</pre>
      </a>
     </td>
     <td class="covered-line">
      <pre>15</pre>
     </td>
     <td class="code">
      <pre>    return game;</pre>
     </td>
    </tr>
    <tr>
     <td class="line-number">
      <a href="#L41" name="L41">
       <pre>41</pre>
      </a>
     </td>
     <td class="covered-line">
      <pre>15</pre>
     </td>
     <td class="code">
      <pre>}</pre>
     </td>
    </tr>
    <tr>
     <td class="line-number">
      <a href="#L42" name="L42">
       <pre>42</pre>
      </a>
     </td>
     <td class="uncovered-line">
     </td>
     <td class="code">
      <pre></pre>
     </td>
    </tr>
    <tr>
     <td class="line-number">
      <a href="#L43" name="L43">
       <pre>43</pre>
      </a>
     </td>
     <td class="covered-line">
      <pre>15</pre>
     </td>
     <td class="code">
      <pre>void bowling_game_destroy(struct bowling_game * game){</pre>
     </td>
    </tr>
    <tr>
     <td class="line-number">
      <a href="#L44" name="L44">
       <pre>44</pre>
      </a>
     </td>
     <td class="covered-line">
      <pre>15</pre>
     </td>
     <td class="code">
      <pre>    free(game);</pre>
     </td>
    </tr>
    <tr>
     <td class="line-number">
      <a href="#L45" name="L45">
       <pre>45</pre>
      </a>
     </td>
     <td class="covered-line">
      <pre>15</pre>
     </td>
     <td class="code">
      <pre>}</pre>
     </td>
    </tr>
    <tr>
     <td class="line-number">
      <a href="#L46" name="L46">
       <pre>46</pre>
      </a>
     </td>
     <td class="uncovered-line">
     </td>
     <td class="code">
      <pre></pre>
     </td>
    </tr>
    <tr>
     <td class="line-number">
      <a href="#L47" name="L47">
       <pre>47</pre>
      </a>
     </td>
     <td class="covered-line">
      <pre>276</pre>
     </td>
     <td class="code">
      <pre>void bowling_game_roll(struct bowling_game * game, int pins){</pre>
     </td>
    </tr>
    <tr>
     <td class="line-number">
      <a href="#L48" name="L48">
       <pre>48</pre>
      </a>
     </td>
     <td class="covered-line">
      <pre>276</pre>
     </td>
     <td class="code">
      <pre>    game-&gt;rolls[game-&gt;current_roll++] = pins;</pre>
     </td>
    </tr>
    <tr>
     <td class="line-number">
      <a href="#L49" name="L49">
       <pre>49</pre>
      </a>
     </td>
     <td class="covered-line">
      <pre>276</pre>
     </td>
     <td class="code">
      <pre>}</pre>
     </td>
    </tr>
    <tr>
     <td class="line-number">
      <a href="#L50" name="L50">
       <pre>50</pre>
      </a>
     </td>
     <td class="uncovered-line">
     </td>
     <td class="code">
      <pre></pre>
     </td>
    </tr>
    <tr>
     <td class="line-number">
      <a href="#L51" name="L51">
       <pre>51</pre>
      </a>
     </td>
     <td class="covered-line">
      <pre>15</pre>
     </td>
     <td class="code">
      <pre>int bowling_game_score(struct bowling_game * game){</pre>
     </td>
    </tr>
    <tr>
     <td class="line-number">
      <a href="#L52" name="L52">
       <pre>52</pre>
      </a>
     </td>
     <td class="covered-line">
      <pre>15</pre>
     </td>
     <td class="code">
      <pre>    int score = 0;</pre>
     </td>
    </tr>
    <tr>
     <td class="line-number">
      <a href="#L53" name="L53">
       <pre>53</pre>
      </a>
     </td>
     <td class="covered-line">
      <pre>15</pre>
     </td>
     <td class="code">
      <pre>    int frame_index;</pre>
     </td>
    </tr>
    <tr>
     <td class="line-number">
      <a href="#L54" name="L54">
       <pre>54</pre>
      </a>
     </td>
     <td class="covered-line">
      <pre>15</pre>
     </td>
     <td class="code">
      <pre>    int frame;</pre>
     </td>
    </tr>
    <tr>
     <td class="line-number">
      <a href="#L55" name="L55">
       <pre>55</pre>
      </a>
     </td>
     <td class="covered-line">
      <pre>15</pre>
     </td>
     <td class="code">
      <pre>    frame_index=0;</pre>
     </td>
    </tr>
    <tr>
     <td class="line-number">
      <a href="#L56" name="L56">
       <pre>56</pre>
      </a>
     </td>
     <td class="covered-line">
      <pre>165</pre>
     </td>
     <td class="code">
      <pre>    for(frame=0; frame&lt;10; <div class="tooltip">frame++<span class="tooltip-content">150</span></div>){</pre>
      <div class="expansion-view">
       <pre>  Branch (<span class="line-number"><a href="#L56" name="L56"><span>56:18</span></a></span>): [<span class="None">True</span>: <span class="covered-line">150</span>, <span class="None">False</span>: <span class="covered-line">15</span>]
</pre>
      </div>
     </td>
    </tr>
    <tr>
     <td class="line-number">
      <a href="#L57" name="L57">
       <pre>57</pre>
      </a>
     </td>
     <td class="covered-line">
      <pre>150</pre>
     </td>
     <td class="code">
      <pre>        if( is_strike(game, frame_index) ){</pre>
      <div class="expansion-view">
       <pre>  Branch (<span class="line-number"><a href="#L57" name="L57"><span>57:13</span></a></span>): [<span class="None">True</span>: <span class="covered-line">33</span>, <span class="None">False</span>: <span class="covered-line">117</span>]
</pre>
      </div>
     </td>
    </tr>
    <tr>
     <td class="line-number">
      <a href="#L58" name="L58">
       <pre>58</pre>
      </a>
     </td>
     <td class="covered-line">
      <pre>33</pre>
     </td>
     <td class="code">
      <pre>            score += strike_score(game, frame_index);</pre>
     </td>
    </tr>
    <tr>
     <td class="line-number">
      <a href="#L59" name="L59">
       <pre>59</pre>
      </a>
     </td>
     <td class="covered-line">
      <pre>33</pre>
     </td>
     <td class="code">
      <pre>            frame_index += 1;</pre>
     </td>
    </tr>
    <tr>
     <td class="line-number">
      <a href="#L60" name="L60">
       <pre>60</pre>
      </a>
     </td>
     <td class="covered-line">
      <pre>117</pre>
     </td>
     <td class="code">
      <pre>        }else if( is_spare(game, frame_index) ){</pre>
      <div class="expansion-view">
       <pre>  Branch (<span class="line-number"><a href="#L60" name="L60"><span>60:19</span></a></span>): [<span class="None">True</span>: <span class="covered-line">3</span>, <span class="None">False</span>: <span class="covered-line">114</span>]
</pre>
      </div>
     </td>
    </tr>
    <tr>
     <td class="line-number">
      <a href="#L61" name="L61">
       <pre>61</pre>
      </a>
     </td>
     <td class="covered-line">
      <pre>3</pre>
     </td>
     <td class="code">
      <pre>            score += spare_score(game, frame_index);</pre>
     </td>
    </tr>
    <tr>
     <td class="line-number">
      <a href="#L62" name="L62">
       <pre>62</pre>
      </a>
     </td>
     <td class="covered-line">
      <pre>3</pre>
     </td>
     <td class="code">
      <pre>            frame_index += 2;</pre>
     </td>
    </tr>
    <tr>
     <td class="line-number">
      <a href="#L63" name="L63">
       <pre>63</pre>
      </a>
     </td>
     <td class="covered-line">
      <pre>114</pre>
     </td>
     <td class="code">
      <pre>        }else{</pre>
     </td>
    </tr>
    <tr>
     <td class="line-number">
      <a href="#L64" name="L64">
       <pre>64</pre>
      </a>
     </td>
     <td class="covered-line">
      <pre>114</pre>
     </td>
     <td class="code">
      <pre>            score += nomal_score(game, frame_index);</pre>
     </td>
    </tr>
    <tr>
     <td class="line-number">
      <a href="#L65" name="L65">
       <pre>65</pre>
      </a>
     </td>
     <td class="covered-line">
      <pre>114</pre>
     </td>
     <td class="code">
      <pre>            frame_index += 2;</pre>
     </td>
    </tr>
    <tr>
     <td class="line-number">
      <a href="#L66" name="L66">
       <pre>66</pre>
      </a>
     </td>
     <td class="covered-line">
      <pre>114</pre>
     </td>
     <td class="code">
      <pre>        }</pre>
     </td>
    </tr>
    <tr>
     <td class="line-number">
      <a href="#L67" name="L67">
       <pre>67</pre>
      </a>
     </td>
     <td class="covered-line">
      <pre>150</pre>
     </td>
     <td class="code">
      <pre>    }</pre>
     </td>
    </tr>
    <tr>
     <td class="line-number">
      <a href="#L68" name="L68">
       <pre>68</pre>
      </a>
     </td>
     <td class="covered-line">
      <pre>15</pre>
     </td>
     <td class="code">
      <pre>    return score;</pre>
     </td>
    </tr>
    <tr>
     <td class="line-number">
      <a href="#L69" name="L69">
       <pre>69</pre>
      </a>
     </td>
     <td class="covered-line">
      <pre>15</pre>
     </td>
     <td class="code">
      <pre>}</pre>
     </td>
    </tr>
   </table>
  </div>
 </body>
</html>
