<!doctype html><html>
 <head>
  <meta content="width=device-width,initial-scale=1" name="viewport"/>
  <meta charset="utf-8"/>
  <style>
   .red {
  background-color: #ffd0d0;
}
.cyan {
  background-color: cyan;
}
body {
  font-family: -apple-system, sans-serif;
}
pre {
  margin-top: 0px !important;
  margin-bottom: 0px !important;
}
.source-name-title {
  padding: 5px 10px;
  border-bottom: 1px solid #dbdbdb;
  background-color: #eee;
  line-height: 35px;
}
.centered {
  display: table;
  margin-left: left;
  margin-right: auto;
  border: 1px solid #dbdbdb;
  border-radius: 3px;
}
.expansion-view {
  background-color: rgba(0, 0, 0, 0);
  margin-left: 0px;
  margin-top: 5px;
  margin-right: 5px;
  margin-bottom: 5px;
  border: 1px solid #dbdbdb;
  border-radius: 3px;
}
table {
  border-collapse: collapse;
}
.light-row {
  background: #ffffff;
  border: 1px solid #dbdbdb;
}
.light-row-bold {
  background: #ffffff;
  border: 1px solid #dbdbdb;
  font-weight: bold;
}
.column-entry {
  text-align: left;
}
.column-entry-bold {
  font-weight: bold;
  text-align: left;
}
.column-entry-yellow {
  text-align: left;
  background-color: #ffffd0;
}
.column-entry-yellow:hover {
  background-color: #fffff0;
}
.column-entry-red {
  text-align: left;
  background-color: #ffd0d0;
}
.column-entry-red:hover {
  background-color: #fff0f0;
}
.column-entry-green {
  text-align: left;
  background-color: #d0ffd0;
}
.column-entry-green:hover {
  background-color: #f0fff0;
}
.line-number {
  text-align: right;
  color: #aaa;
}
.covered-line {
  text-align: right;
  color: #0080ff;
}
.uncovered-line {
  text-align: right;
  color: #ff3300;
}
.tooltip {
  position: relative;
  display: inline;
  background-color: #b3e6ff;
  text-decoration: none;
}
.tooltip span.tooltip-content {
  position: absolute;
  width: 100px;
  margin-left: -50px;
  color: #FFFFFF;
  background: #000000;
  height: 30px;
  line-height: 30px;
  text-align: center;
  visibility: hidden;
  border-radius: 6px;
}
.tooltip span.tooltip-content:after {
  content: '';
  position: absolute;
  top: 100%;
  left: 50%;
  margin-left: -8px;
  width: 0; height: 0;
  border-top: 8px solid #000000;
  border-right: 8px solid transparent;
  border-left: 8px solid transparent;
}
:hover.tooltip span.tooltip-content {
  visibility: visible;
  opacity: 0.8;
  bottom: 30px;
  left: 50%;
  z-index: 999;
}
th, td {
  vertical-align: top;
  padding: 2px 8px;
  border-collapse: collapse;
  border-right: solid 1px #eee;
  border-left: solid 1px #eee;
  text-align: left;
}
td pre {
  display: inline-block;
}
td:first-child {
  border-left: none;
}
td:last-child {
  border-right: none;
}
tr:hover {
  background-color: #f0f0f0;
}
  </style>
 </head>
 <body>
  <h2>
   Coverage Report
  </h2>
  <h4>
   Created: 2024-03-12 09:37
  </h4>
  <div class="centered">
   <table>
    <div class="source-name-title">
     <pre>/workspaces/bowling_game_kata/cxx_cmake/lib/bowling_game/src/bowling_game.cpp</pre>
    </div>
    <tr>
     <td>
      <pre>Line</pre>
     </td>
     <td>
      <pre>Count</pre>
     </td>
     <td>
      <pre>Source</pre>
     </td>
    </tr>
    <tr>
     <td class="line-number">
      <a href="#L1" name="L1">
       <pre>1</pre>
      </a>
     </td>
     <td class="uncovered-line">
     </td>
     <td class="code">
      <pre>#include &lt;iostream&gt;</pre>
     </td>
    </tr>
    <tr>
     <td class="line-number">
      <a href="#L2" name="L2">
       <pre>2</pre>
      </a>
     </td>
     <td class="uncovered-line">
     </td>
     <td class="code">
      <pre>#include "bowling_game.hpp"</pre>
     </td>
    </tr>
    <tr>
     <td class="line-number">
      <a href="#L3" name="L3">
       <pre>3</pre>
      </a>
     </td>
     <td class="uncovered-line">
     </td>
     <td class="code">
      <pre></pre>
     </td>
    </tr>
    <tr>
     <td class="line-number">
      <a href="#L4" name="L4">
       <pre>4</pre>
      </a>
     </td>
     <td class="uncovered-line">
     </td>
     <td class="code">
      <pre>using namespace std;</pre>
     </td>
    </tr>
    <tr>
     <td class="line-number">
      <a href="#L5" name="L5">
       <pre>5</pre>
      </a>
     </td>
     <td class="uncovered-line">
     </td>
     <td class="code">
      <pre></pre>
     </td>
    </tr>
    <tr>
     <td class="line-number">
      <a href="#L6" name="L6">
       <pre>6</pre>
      </a>
     </td>
     <td class="uncovered-line">
     </td>
     <td class="code">
      <pre></pre>
     </td>
    </tr>
    <tr>
     <td class="line-number">
      <a href="#L7" name="L7">
       <pre>7</pre>
      </a>
     </td>
     <td class="covered-line">
      <pre>5</pre>
     </td>
     <td class="code">
      <pre>bowling_game::bowling_game(){</pre>
     </td>
    </tr>
    <tr>
     <td class="line-number">
      <a href="#L8" name="L8">
       <pre>8</pre>
      </a>
     </td>
     <td class="covered-line">
      <pre>5</pre>
     </td>
     <td class="code">
      <pre></pre>
     </td>
    </tr>
    <tr>
     <td class="line-number">
      <a href="#L9" name="L9">
       <pre>9</pre>
      </a>
     </td>
     <td class="covered-line">
      <pre>5</pre>
     </td>
     <td class="code">
      <pre>}</pre>
     </td>
    </tr>
    <tr>
     <td class="line-number">
      <a href="#L10" name="L10">
       <pre>10</pre>
      </a>
     </td>
     <td class="uncovered-line">
     </td>
     <td class="code">
      <pre></pre>
     </td>
    </tr>
    <tr>
     <td class="line-number">
      <a href="#L11" name="L11">
       <pre>11</pre>
      </a>
     </td>
     <td class="covered-line">
      <pre>5</pre>
     </td>
     <td class="code">
      <pre>bowling_game::~bowling_game(){</pre>
     </td>
    </tr>
    <tr>
     <td class="line-number">
      <a href="#L12" name="L12">
       <pre>12</pre>
      </a>
     </td>
     <td class="covered-line">
      <pre>5</pre>
     </td>
     <td class="code">
      <pre></pre>
     </td>
    </tr>
    <tr>
     <td class="line-number">
      <a href="#L13" name="L13">
       <pre>13</pre>
      </a>
     </td>
     <td class="covered-line">
      <pre>5</pre>
     </td>
     <td class="code">
      <pre>}</pre>
     </td>
    </tr>
    <tr>
     <td class="line-number">
      <a href="#L14" name="L14">
       <pre>14</pre>
      </a>
     </td>
     <td class="uncovered-line">
     </td>
     <td class="code">
      <pre></pre>
     </td>
    </tr>
    <tr>
     <td class="line-number">
      <a href="#L15" name="L15">
       <pre>15</pre>
      </a>
     </td>
     <td class="covered-line">
      <pre>50</pre>
     </td>
     <td class="code">
      <pre>bool bowling_game::is_strike(int frame_index){</pre>
     </td>
    </tr>
    <tr>
     <td class="line-number">
      <a href="#L16" name="L16">
       <pre>16</pre>
      </a>
     </td>
     <td class="covered-line">
      <pre>50</pre>
     </td>
     <td class="code">
      <pre>    return ( rolls[frame_index] == 10 );</pre>
     </td>
    </tr>
    <tr>
     <td class="line-number">
      <a href="#L17" name="L17">
       <pre>17</pre>
      </a>
     </td>
     <td class="covered-line">
      <pre>50</pre>
     </td>
     <td class="code">
      <pre>}</pre>
     </td>
    </tr>
    <tr>
     <td class="line-number">
      <a href="#L18" name="L18">
       <pre>18</pre>
      </a>
     </td>
     <td class="uncovered-line">
     </td>
     <td class="code">
      <pre></pre>
     </td>
    </tr>
    <tr>
     <td class="line-number">
      <a href="#L19" name="L19">
       <pre>19</pre>
      </a>
     </td>
     <td class="covered-line">
      <pre>39</pre>
     </td>
     <td class="code">
      <pre>bool bowling_game::is_spare(int frame_index){</pre>
     </td>
    </tr>
    <tr>
     <td class="line-number">
      <a href="#L20" name="L20">
       <pre>20</pre>
      </a>
     </td>
     <td class="covered-line">
      <pre>39</pre>
     </td>
     <td class="code">
      <pre>    return ( (rolls[frame_index] + rolls[frame_index+1]) == 10 );</pre>
     </td>
    </tr>
    <tr>
     <td class="line-number">
      <a href="#L21" name="L21">
       <pre>21</pre>
      </a>
     </td>
     <td class="covered-line">
      <pre>39</pre>
     </td>
     <td class="code">
      <pre>}</pre>
     </td>
    </tr>
    <tr>
     <td class="line-number">
      <a href="#L22" name="L22">
       <pre>22</pre>
      </a>
     </td>
     <td class="uncovered-line">
     </td>
     <td class="code">
      <pre></pre>
     </td>
    </tr>
    <tr>
     <td class="line-number">
      <a href="#L23" name="L23">
       <pre>23</pre>
      </a>
     </td>
     <td class="covered-line">
      <pre>11</pre>
     </td>
     <td class="code">
      <pre>int bowling_game::strike_score(int frame_index){</pre>
     </td>
    </tr>
    <tr>
     <td class="line-number">
      <a href="#L24" name="L24">
       <pre>24</pre>
      </a>
     </td>
     <td class="covered-line">
      <pre>11</pre>
     </td>
     <td class="code">
      <pre>    return 10 + rolls[frame_index+1] + rolls[frame_index+2];</pre>
     </td>
    </tr>
    <tr>
     <td class="line-number">
      <a href="#L25" name="L25">
       <pre>25</pre>
      </a>
     </td>
     <td class="covered-line">
      <pre>11</pre>
     </td>
     <td class="code">
      <pre>}</pre>
     </td>
    </tr>
    <tr>
     <td class="line-number">
      <a href="#L26" name="L26">
       <pre>26</pre>
      </a>
     </td>
     <td class="uncovered-line">
     </td>
     <td class="code">
      <pre></pre>
     </td>
    </tr>
    <tr>
     <td class="line-number">
      <a href="#L27" name="L27">
       <pre>27</pre>
      </a>
     </td>
     <td class="covered-line">
      <pre>1</pre>
     </td>
     <td class="code">
      <pre>int bowling_game::spare_score(int frame_index){</pre>
     </td>
    </tr>
    <tr>
     <td class="line-number">
      <a href="#L28" name="L28">
       <pre>28</pre>
      </a>
     </td>
     <td class="covered-line">
      <pre>1</pre>
     </td>
     <td class="code">
      <pre>    return 10 + rolls[frame_index+2];</pre>
     </td>
    </tr>
    <tr>
     <td class="line-number">
      <a href="#L29" name="L29">
       <pre>29</pre>
      </a>
     </td>
     <td class="covered-line">
      <pre>1</pre>
     </td>
     <td class="code">
      <pre>}</pre>
     </td>
    </tr>
    <tr>
     <td class="line-number">
      <a href="#L30" name="L30">
       <pre>30</pre>
      </a>
     </td>
     <td class="uncovered-line">
     </td>
     <td class="code">
      <pre></pre>
     </td>
    </tr>
    <tr>
     <td class="line-number">
      <a href="#L31" name="L31">
       <pre>31</pre>
      </a>
     </td>
     <td class="covered-line">
      <pre>38</pre>
     </td>
     <td class="code">
      <pre>int bowling_game::nomal_score(int frame_index){</pre>
     </td>
    </tr>
    <tr>
     <td class="line-number">
      <a href="#L32" name="L32">
       <pre>32</pre>
      </a>
     </td>
     <td class="covered-line">
      <pre>38</pre>
     </td>
     <td class="code">
      <pre>    return rolls[frame_index] + rolls[frame_index+1];</pre>
     </td>
    </tr>
    <tr>
     <td class="line-number">
      <a href="#L33" name="L33">
       <pre>33</pre>
      </a>
     </td>
     <td class="covered-line">
      <pre>38</pre>
     </td>
     <td class="code">
      <pre>}</pre>
     </td>
    </tr>
    <tr>
     <td class="line-number">
      <a href="#L34" name="L34">
       <pre>34</pre>
      </a>
     </td>
     <td class="uncovered-line">
     </td>
     <td class="code">
      <pre></pre>
     </td>
    </tr>
    <tr>
     <td class="line-number">
      <a href="#L35" name="L35">
       <pre>35</pre>
      </a>
     </td>
     <td class="covered-line">
      <pre>92</pre>
     </td>
     <td class="code">
      <pre>void bowling_game::roll(int pins){</pre>
     </td>
    </tr>
    <tr>
     <td class="line-number">
      <a href="#L36" name="L36">
       <pre>36</pre>
      </a>
     </td>
     <td class="covered-line">
      <pre>92</pre>
     </td>
     <td class="code">
      <pre>    rolls[current_roll++] = pins;</pre>
     </td>
    </tr>
    <tr>
     <td class="line-number">
      <a href="#L37" name="L37">
       <pre>37</pre>
      </a>
     </td>
     <td class="covered-line">
      <pre>92</pre>
     </td>
     <td class="code">
      <pre>}</pre>
     </td>
    </tr>
    <tr>
     <td class="line-number">
      <a href="#L38" name="L38">
       <pre>38</pre>
      </a>
     </td>
     <td class="uncovered-line">
     </td>
     <td class="code">
      <pre></pre>
     </td>
    </tr>
    <tr>
     <td class="line-number">
      <a href="#L39" name="L39">
       <pre>39</pre>
      </a>
     </td>
     <td class="covered-line">
      <pre>5</pre>
     </td>
     <td class="code">
      <pre>int bowling_game::score(){</pre>
     </td>
    </tr>
    <tr>
     <td class="line-number">
      <a href="#L40" name="L40">
       <pre>40</pre>
      </a>
     </td>
     <td class="covered-line">
      <pre>5</pre>
     </td>
     <td class="code">
      <pre>    int score = 0;</pre>
     </td>
    </tr>
    <tr>
     <td class="line-number">
      <a href="#L41" name="L41">
       <pre>41</pre>
      </a>
     </td>
     <td class="covered-line">
      <pre>5</pre>
     </td>
     <td class="code">
      <pre>    int frame_index;</pre>
     </td>
    </tr>
    <tr>
     <td class="line-number">
      <a href="#L42" name="L42">
       <pre>42</pre>
      </a>
     </td>
     <td class="covered-line">
      <pre>5</pre>
     </td>
     <td class="code">
      <pre>    int frame;</pre>
     </td>
    </tr>
    <tr>
     <td class="line-number">
      <a href="#L43" name="L43">
       <pre>43</pre>
      </a>
     </td>
     <td class="covered-line">
      <pre>5</pre>
     </td>
     <td class="code">
      <pre>    frame_index=0;</pre>
     </td>
    </tr>
    <tr>
     <td class="line-number">
      <a href="#L44" name="L44">
       <pre>44</pre>
      </a>
     </td>
     <td class="covered-line">
      <pre>55</pre>
     </td>
     <td class="code">
      <pre>    for(frame=0; frame&lt;10; <div class="tooltip">frame++<span class="tooltip-content">50</span></div>){</pre>
     </td>
    </tr>
    <tr>
     <td class="line-number">
      <a href="#L45" name="L45">
       <pre>45</pre>
      </a>
     </td>
     <td class="covered-line">
      <pre>50</pre>
     </td>
     <td class="code">
      <pre>        if( is_strike(frame_index) ){</pre>
     </td>
    </tr>
    <tr>
     <td class="line-number">
      <a href="#L46" name="L46">
       <pre>46</pre>
      </a>
     </td>
     <td class="covered-line">
      <pre>11</pre>
     </td>
     <td class="code">
      <pre>            score += strike_score(frame_index);</pre>
     </td>
    </tr>
    <tr>
     <td class="line-number">
      <a href="#L47" name="L47">
       <pre>47</pre>
      </a>
     </td>
     <td class="covered-line">
      <pre>11</pre>
     </td>
     <td class="code">
      <pre>            frame_index += 1;</pre>
     </td>
    </tr>
    <tr>
     <td class="line-number">
      <a href="#L48" name="L48">
       <pre>48</pre>
      </a>
     </td>
     <td class="covered-line">
      <pre>39</pre>
     </td>
     <td class="code">
      <pre>        }else if( is_spare(frame_index) ){</pre>
     </td>
    </tr>
    <tr>
     <td class="line-number">
      <a href="#L49" name="L49">
       <pre>49</pre>
      </a>
     </td>
     <td class="covered-line">
      <pre>1</pre>
     </td>
     <td class="code">
      <pre>            score += spare_score(frame_index);</pre>
     </td>
    </tr>
    <tr>
     <td class="line-number">
      <a href="#L50" name="L50">
       <pre>50</pre>
      </a>
     </td>
     <td class="covered-line">
      <pre>1</pre>
     </td>
     <td class="code">
      <pre>            frame_index += 2;</pre>
     </td>
    </tr>
    <tr>
     <td class="line-number">
      <a href="#L51" name="L51">
       <pre>51</pre>
      </a>
     </td>
     <td class="covered-line">
      <pre>38</pre>
     </td>
     <td class="code">
      <pre>        }else{</pre>
     </td>
    </tr>
    <tr>
     <td class="line-number">
      <a href="#L52" name="L52">
       <pre>52</pre>
      </a>
     </td>
     <td class="covered-line">
      <pre>38</pre>
     </td>
     <td class="code">
      <pre>            score += nomal_score(frame_index);</pre>
     </td>
    </tr>
    <tr>
     <td class="line-number">
      <a href="#L53" name="L53">
       <pre>53</pre>
      </a>
     </td>
     <td class="covered-line">
      <pre>38</pre>
     </td>
     <td class="code">
      <pre>            frame_index += 2;</pre>
     </td>
    </tr>
    <tr>
     <td class="line-number">
      <a href="#L54" name="L54">
       <pre>54</pre>
      </a>
     </td>
     <td class="covered-line">
      <pre>38</pre>
     </td>
     <td class="code">
      <pre>        }</pre>
     </td>
    </tr>
    <tr>
     <td class="line-number">
      <a href="#L55" name="L55">
       <pre>55</pre>
      </a>
     </td>
     <td class="covered-line">
      <pre>50</pre>
     </td>
     <td class="code">
      <pre>    }</pre>
     </td>
    </tr>
    <tr>
     <td class="line-number">
      <a href="#L56" name="L56">
       <pre>56</pre>
      </a>
     </td>
     <td class="covered-line">
      <pre>5</pre>
     </td>
     <td class="code">
      <pre>    return score;</pre>
     </td>
    </tr>
    <tr>
     <td class="line-number">
      <a href="#L57" name="L57">
       <pre>57</pre>
      </a>
     </td>
     <td class="covered-line">
      <pre>5</pre>
     </td>
     <td class="code">
      <pre>}</pre>
     </td>
    </tr>
   </table>
  </div>
 </body>
</html>
