<!doctype html><html>
 <head>
  <meta content="width=device-width,initial-scale=1" name="viewport"/>
  <meta charset="utf-8"/>
  <style>
   .red {
  background-color: #ffd0d0;
}
.cyan {
  background-color: cyan;
}
body {
  font-family: -apple-system, sans-serif;
}
pre {
  margin-top: 0px !important;
  margin-bottom: 0px !important;
}
.source-name-title {
  padding: 5px 10px;
  border-bottom: 1px solid #dbdbdb;
  background-color: #eee;
  line-height: 35px;
}
.centered {
  display: table;
  margin-left: left;
  margin-right: auto;
  border: 1px solid #dbdbdb;
  border-radius: 3px;
}
.expansion-view {
  background-color: rgba(0, 0, 0, 0);
  margin-left: 0px;
  margin-top: 5px;
  margin-right: 5px;
  margin-bottom: 5px;
  border: 1px solid #dbdbdb;
  border-radius: 3px;
}
table {
  border-collapse: collapse;
}
.light-row {
  background: #ffffff;
  border: 1px solid #dbdbdb;
}
.light-row-bold {
  background: #ffffff;
  border: 1px solid #dbdbdb;
  font-weight: bold;
}
.column-entry {
  text-align: left;
}
.column-entry-bold {
  font-weight: bold;
  text-align: left;
}
.column-entry-yellow {
  text-align: left;
  background-color: #ffffd0;
}
.column-entry-yellow:hover {
  background-color: #fffff0;
}
.column-entry-red {
  text-align: left;
  background-color: #ffd0d0;
}
.column-entry-red:hover {
  background-color: #fff0f0;
}
.column-entry-green {
  text-align: left;
  background-color: #d0ffd0;
}
.column-entry-green:hover {
  background-color: #f0fff0;
}
.line-number {
  text-align: right;
  color: #aaa;
}
.covered-line {
  text-align: right;
  color: #0080ff;
}
.uncovered-line {
  text-align: right;
  color: #ff3300;
}
.tooltip {
  position: relative;
  display: inline;
  background-color: #b3e6ff;
  text-decoration: none;
}
.tooltip span.tooltip-content {
  position: absolute;
  width: 100px;
  margin-left: -50px;
  color: #FFFFFF;
  background: #000000;
  height: 30px;
  line-height: 30px;
  text-align: center;
  visibility: hidden;
  border-radius: 6px;
}
.tooltip span.tooltip-content:after {
  content: '';
  position: absolute;
  top: 100%;
  left: 50%;
  margin-left: -8px;
  width: 0; height: 0;
  border-top: 8px solid #000000;
  border-right: 8px solid transparent;
  border-left: 8px solid transparent;
}
:hover.tooltip span.tooltip-content {
  visibility: visible;
  opacity: 0.8;
  bottom: 30px;
  left: 50%;
  z-index: 999;
}
th, td {
  vertical-align: top;
  padding: 2px 8px;
  border-collapse: collapse;
  border-right: solid 1px #eee;
  border-left: solid 1px #eee;
  text-align: left;
}
td pre {
  display: inline-block;
}
td:first-child {
  border-left: none;
}
td:last-child {
  border-right: none;
}
tr:hover {
  background-color: #f0f0f0;
}
  </style>
 </head>
 <body>
  <h2>
   Coverage Report
  </h2>
  <h4>
   Created: 2024-03-12 09:37
  </h4>
  <p>
   Click
   <a href="http://clang.llvm.org/docs/SourceBasedCodeCoverage.html#interpreting-reports">
    here
   </a>
   for information about interpreting this report.
  </p>
  <div class="centered">
   <table>
    <tr>
     <td class="column-entry-bold">
      Filename
     </td>
     <td class="column-entry-bold">
      Function Coverage
     </td>
     <td class="column-entry-bold">
      Line Coverage
     </td>
     <td class="column-entry-bold">
      Region Coverage
     </td>
    </tr>
    <tr class="light-row">
     <td>
      <pre><a href="_d_B3314554_bowling_game.cpp.html">lib/bowling_game/src/bowling_game.cpp</a></pre>
     </td>
     <td class="column-entry-green">
      <pre> 100.00% (9/9)</pre>
     </td>
     <td class="column-entry-green">
      <pre> 100.00% (43/43)</pre>
     </td>
     <td class="column-entry-green">
      <pre> 100.00% (18/18)</pre>
     </td>
    </tr>
    <tr class="light-row">
     <td>
      <pre><a href="_d_EA557FC9_bowling_game_cli.cpp.html">src/bowling_game_cli.cpp</a></pre>
     </td>
     <td class="column-entry-green">
      <pre> 100.00% (1/1)</pre>
     </td>
     <td class="column-entry-green">
      <pre> 100.00% (34/34)</pre>
     </td>
     <td class="column-entry-green">
      <pre> 100.00% (12/12)</pre>
     </td>
    </tr>
    <tr class="light-row-bold">
     <td>
      <pre>Totals</pre>
     </td>
     <td class="column-entry-green">
      <pre> 100.00% (10/10)</pre>
     </td>
     <td class="column-entry-green">
      <pre> 100.00% (77/77)</pre>
     </td>
     <td class="column-entry-green">
      <pre> 100.00% (30/30)</pre>
     </td>
    </tr>
   </table>
  </div>
  <h5>
   Generated by llvm-cov -- llvm version 10.0.0
  </h5>
 </body>
</html>
