<!doctype html><html><head><meta name='viewport' content='width=device-width,initial-scale=1'><meta charset='UTF-8'><style>.red {
  background-color: #ffd0d0;
}
.cyan {
  background-color: cyan;
}
body {
  font-family: -apple-system, sans-serif;
}
pre {
  margin-top: 0px !important;
  margin-bottom: 0px !important;
}
.source-name-title {
  padding: 5px 10px;
  border-bottom: 1px solid #dbdbdb;
  background-color: #eee;
  line-height: 35px;
}
.centered {
  display: table;
  margin-left: left;
  margin-right: auto;
  border: 1px solid #dbdbdb;
  border-radius: 3px;
}
.expansion-view {
  background-color: rgba(0, 0, 0, 0);
  margin-left: 0px;
  margin-top: 5px;
  margin-right: 5px;
  margin-bottom: 5px;
  border: 1px solid #dbdbdb;
  border-radius: 3px;
}
table {
  border-collapse: collapse;
}
.light-row {
  background: #ffffff;
  border: 1px solid #dbdbdb;
}
.light-row-bold {
  background: #ffffff;
  border: 1px solid #dbdbdb;
  font-weight: bold;
}
.column-entry {
  text-align: left;
}
.column-entry-bold {
  font-weight: bold;
  text-align: left;
}
.column-entry-yellow {
  text-align: left;
  background-color: #ffffd0;
}
.column-entry-yellow:hover {
  background-color: #fffff0;
}
.column-entry-red {
  text-align: left;
  background-color: #ffd0d0;
}
.column-entry-red:hover {
  background-color: #fff0f0;
}
.column-entry-green {
  text-align: left;
  background-color: #d0ffd0;
}
.column-entry-green:hover {
  background-color: #f0fff0;
}
.line-number {
  text-align: right;
  color: #aaa;
}
.covered-line {
  text-align: right;
  color: #0080ff;
}
.uncovered-line {
  text-align: right;
  color: #ff3300;
}
.tooltip {
  position: relative;
  display: inline;
  background-color: #b3e6ff;
  text-decoration: none;
}
.tooltip span.tooltip-content {
  position: absolute;
  width: 100px;
  margin-left: -50px;
  color: #FFFFFF;
  background: #000000;
  height: 30px;
  line-height: 30px;
  text-align: center;
  visibility: hidden;
  border-radius: 6px;
}
.tooltip span.tooltip-content:after {
  content: '';
  position: absolute;
  top: 100%;
  left: 50%;
  margin-left: -8px;
  width: 0; height: 0;
  border-top: 8px solid #000000;
  border-right: 8px solid transparent;
  border-left: 8px solid transparent;
}
:hover.tooltip span.tooltip-content {
  visibility: visible;
  opacity: 0.8;
  bottom: 30px;
  left: 50%;
  z-index: 999;
}
th, td {
  vertical-align: top;
  padding: 2px 8px;
  border-collapse: collapse;
  border-right: solid 1px #eee;
  border-left: solid 1px #eee;
  text-align: left;
}
td pre {
  display: inline-block;
}
td:first-child {
  border-left: none;
}
td:last-child {
  border-right: none;
}
tr:hover {
  background-color: #f0f0f0;
}
</style></head><body><h2>Coverage Report</h2><h4>Created: 2024-02-25 14:12</h4><div class='centered'><table><div class='source-name-title'><pre>C:/Git/bowling_game_kata/c_cmake/src/bowling_game_cli.c</pre></div><tr><td><pre>Line</pre></td><td><pre>Count</pre></td><td><pre>Source</pre></td></td></tr><tr><td class='line-number'><a name='L1' href='#L1'><pre>1</pre></a></td><td class='uncovered-line'></td><td class='code'><pre>#define __STDC_WANT_LIB_EXT1__ 1</pre></td></tr><tr><td class='line-number'><a name='L2' href='#L2'><pre>2</pre></a></td><td class='uncovered-line'></td><td class='code'><pre>#include &quot;bowling_game.h&quot;</pre></td></tr><tr><td class='line-number'><a name='L3' href='#L3'><pre>3</pre></a></td><td class='uncovered-line'></td><td class='code'><pre>#include &lt;stdio.h&gt;</pre></td></tr><tr><td class='line-number'><a name='L4' href='#L4'><pre>4</pre></a></td><td class='uncovered-line'></td><td class='code'><pre></pre></td></tr><tr><td class='line-number'><a name='L5' href='#L5'><pre>5</pre></a></td><td class='covered-line'><pre>21</pre></td><td class='code'><pre>int main(int argc, char *argv[]){</pre></td></tr><tr><td class='line-number'><a name='L6' href='#L6'><pre>6</pre></a></td><td class='covered-line'><pre>21</pre></td><td class='code'><pre>    struct bowling_game * game;</pre></td></tr><tr><td class='line-number'><a name='L7' href='#L7'><pre>7</pre></a></td><td class='covered-line'><pre>21</pre></td><td class='code'><pre>    int pins;</pre></td></tr><tr><td class='line-number'><a name='L8' href='#L8'><pre>8</pre></a></td><td class='covered-line'><pre>21</pre></td><td class='code'><pre>    FILE *fp;</pre></td></tr><tr><td class='line-number'><a name='L9' href='#L9'><pre>9</pre></a></td><td class='uncovered-line'></td><td class='code'><pre>#ifdef __STDC_LIB_EXT1__</pre></td></tr><tr><td class='line-number'><a name='L10' href='#L10'><pre>10</pre></a></td><td class='uncovered-line'></td><td class='code'><pre>    errno_t error;</pre></td></tr><tr><td class='line-number'><a name='L11' href='#L11'><pre>11</pre></a></td><td class='uncovered-line'></td><td class='code'><pre>#endif /* #ifdef __STDC_LIB_EXT1__ */</pre></td></tr><tr><td class='line-number'><a name='L12' href='#L12'><pre>12</pre></a></td><td class='uncovered-line'></td><td class='code'><pre></pre></td></tr><tr><td class='line-number'><a name='L13' href='#L13'><pre>13</pre></a></td><td class='covered-line'><pre>21</pre></td><td class='code'><pre>    if(argc == 2){</pre><div class='expansion-view'><pre>  Branch (<span class='line-number'><a name='L13' href='#L13'><span>13:8</span></a></span>): [<span class='None'>True</span>: <span class='covered-line'>18</span>, <span class='None'>False</span>: <span class='covered-line'>3</span>]
</pre></div></td></tr><tr><td class='line-number'><a name='L14' href='#L14'><pre>14</pre></a></td><td class='uncovered-line'></td><td class='code'><pre>#ifdef __STDC_LIB_EXT1__</pre></td></tr><tr><td class='line-number'><a name='L15' href='#L15'><pre>15</pre></a></td><td class='uncovered-line'></td><td class='code'><pre>        error = fopen_s(&amp;fp, argv[1], &quot;r&quot;);</pre></td></tr><tr><td class='line-number'><a name='L16' href='#L16'><pre>16</pre></a></td><td class='uncovered-line'></td><td class='code'><pre>        if(error != 0){</pre></td></tr><tr><td class='line-number'><a name='L17' href='#L17'><pre>17</pre></a></td><td class='uncovered-line'></td><td class='code'><pre>            printf_s(&quot;can&#x27;t open %s\n&quot;, argv[1]);</pre></td></tr><tr><td class='line-number'><a name='L18' href='#L18'><pre>18</pre></a></td><td class='uncovered-line'></td><td class='code'><pre>            return 1;</pre></td></tr><tr><td class='line-number'><a name='L19' href='#L19'><pre>19</pre></a></td><td class='uncovered-line'></td><td class='code'><pre>        }</pre></td></tr><tr><td class='line-number'><a name='L20' href='#L20'><pre>20</pre></a></td><td class='uncovered-line'></td><td class='code'><pre>#else /* #ifdef __STDC_LIB_EXT1__ */</pre></td></tr><tr><td class='line-number'><a name='L21' href='#L21'><pre>21</pre></a></td><td class='covered-line'><pre>18</pre></td><td class='code'><pre>        fp = fopen(argv[1], &quot;r&quot;);</pre></td></tr><tr><td class='line-number'><a name='L22' href='#L22'><pre>22</pre></a></td><td class='covered-line'><pre>18</pre></td><td class='code'><pre>        if(fp == NULL){</pre><div class='expansion-view'><pre>  Branch (<span class='line-number'><a name='L22' href='#L22'><span>22:12</span></a></span>): [<span class='None'>True</span>: <span class='covered-line'>3</span>, <span class='None'>False</span>: <span class='covered-line'>15</span>]
</pre></div></td></tr><tr><td class='line-number'><a name='L23' href='#L23'><pre>23</pre></a></td><td class='covered-line'><pre>3</pre></td><td class='code'><pre>            printf(&quot;can&#x27;t open %s\n&quot;, argv[1]);</pre></td></tr><tr><td class='line-number'><a name='L24' href='#L24'><pre>24</pre></a></td><td class='covered-line'><pre>3</pre></td><td class='code'><pre>            return 1;</pre></td></tr><tr><td class='line-number'><a name='L25' href='#L25'><pre>25</pre></a></td><td class='covered-line'><pre>3</pre></td><td class='code'><pre>        }</pre></td></tr><tr><td class='line-number'><a name='L26' href='#L26'><pre>26</pre></a></td><td class='covered-line'><pre>15</pre></td><td class='code'><pre>#endif /* #ifdef __STDC_LIB_EXT1__ */</pre></td></tr><tr><td class='line-number'><a name='L27' href='#L27'><pre>27</pre></a></td><td class='uncovered-line'></td><td class='code'><pre></pre></td></tr><tr><td class='line-number'><a name='L28' href='#L28'><pre>28</pre></a></td><td class='covered-line'><pre>15</pre></td><td class='code'><pre>        game = bowling_game_create();</pre></td></tr><tr><td class='line-number'><a name='L29' href='#L29'><pre>29</pre></a></td><td class='uncovered-line'></td><td class='code'><pre></pre></td></tr><tr><td class='line-number'><a name='L30' href='#L30'><pre>30</pre></a></td><td class='covered-line'><pre>291</pre></td><td class='code'><pre>        while(1){</pre><div class='expansion-view'><pre>  Branch (<span class='line-number'><a name='L30' href='#L30'><span>30:15</span></a></span>): [Folded - Ignored]
</pre></div></td></tr><tr><td class='line-number'><a name='L31' href='#L31'><pre>31</pre></a></td><td class='covered-line'><pre>291</pre></td><td class='code'><pre>            fscanf(fp, &quot;%d&quot;, &amp;pins);</pre></td></tr><tr><td class='line-number'><a name='L32' href='#L32'><pre>32</pre></a></td><td class='covered-line'><pre>291</pre></td><td class='code'><pre>            if(pins &lt; 0){</pre><div class='expansion-view'><pre>  Branch (<span class='line-number'><a name='L32' href='#L32'><span>32:16</span></a></span>): [<span class='None'>True</span>: <span class='covered-line'>15</span>, <span class='None'>False</span>: <span class='covered-line'>276</span>]
</pre></div></td></tr><tr><td class='line-number'><a name='L33' href='#L33'><pre>33</pre></a></td><td class='covered-line'><pre>15</pre></td><td class='code'><pre>                break;</pre></td></tr><tr><td class='line-number'><a name='L34' href='#L34'><pre>34</pre></a></td><td class='covered-line'><pre>276</pre></td><td class='code'><pre>            }else{</pre></td></tr><tr><td class='line-number'><a name='L35' href='#L35'><pre>35</pre></a></td><td class='covered-line'><pre>276</pre></td><td class='code'><pre>                bowling_game_roll(game, pins);</pre></td></tr><tr><td class='line-number'><a name='L36' href='#L36'><pre>36</pre></a></td><td class='covered-line'><pre>276</pre></td><td class='code'><pre>            }</pre></td></tr><tr><td class='line-number'><a name='L37' href='#L37'><pre>37</pre></a></td><td class='covered-line'><pre>291</pre></td><td class='code'><pre>        }</pre></td></tr><tr><td class='line-number'><a name='L38' href='#L38'><pre>38</pre></a></td><td class='covered-line'><pre>15</pre></td><td class='code'><pre>        fclose(fp);</pre></td></tr><tr><td class='line-number'><a name='L39' href='#L39'><pre>39</pre></a></td><td class='uncovered-line'></td><td class='code'><pre></pre></td></tr><tr><td class='line-number'><a name='L40' href='#L40'><pre>40</pre></a></td><td class='uncovered-line'></td><td class='code'><pre>#ifdef __STDC_LIB_EXT1__</pre></td></tr><tr><td class='line-number'><a name='L41' href='#L41'><pre>41</pre></a></td><td class='uncovered-line'></td><td class='code'><pre>        printf_s(&quot;%d\n&quot;, bowling_game_score(game));</pre></td></tr><tr><td class='line-number'><a name='L42' href='#L42'><pre>42</pre></a></td><td class='uncovered-line'></td><td class='code'><pre>#else /* #ifdef __STDC_LIB_EXT1__ */</pre></td></tr><tr><td class='line-number'><a name='L43' href='#L43'><pre>43</pre></a></td><td class='covered-line'><pre>15</pre></td><td class='code'><pre>        printf(&quot;%d\n&quot;, bowling_game_score(game));</pre></td></tr><tr><td class='line-number'><a name='L44' href='#L44'><pre>44</pre></a></td><td class='covered-line'><pre>15</pre></td><td class='code'><pre>#endif /* #ifdef __STDC_LIB_EXT1__ */</pre></td></tr><tr><td class='line-number'><a name='L45' href='#L45'><pre>45</pre></a></td><td class='uncovered-line'></td><td class='code'><pre></pre></td></tr><tr><td class='line-number'><a name='L46' href='#L46'><pre>46</pre></a></td><td class='covered-line'><pre>15</pre></td><td class='code'><pre>        bowling_game_destroy(game);</pre></td></tr><tr><td class='line-number'><a name='L47' href='#L47'><pre>47</pre></a></td><td class='uncovered-line'></td><td class='code'><pre></pre></td></tr><tr><td class='line-number'><a name='L48' href='#L48'><pre>48</pre></a></td><td class='covered-line'><pre>15</pre></td><td class='code'><pre>        return 0;</pre></td></tr><tr><td class='line-number'><a name='L49' href='#L49'><pre>49</pre></a></td><td class='covered-line'><pre>18</pre></td><td class='code'><pre>    }else{</pre></td></tr><tr><td class='line-number'><a name='L50' href='#L50'><pre>50</pre></a></td><td class='uncovered-line'></td><td class='code'><pre>#ifdef __STDC_LIB_EXT1__</pre></td></tr><tr><td class='line-number'><a name='L51' href='#L51'><pre>51</pre></a></td><td class='uncovered-line'></td><td class='code'><pre>        printf_s(&quot;usage: %s inputfilename\n&quot;, argv[0]);</pre></td></tr><tr><td class='line-number'><a name='L52' href='#L52'><pre>52</pre></a></td><td class='uncovered-line'></td><td class='code'><pre>#else /* #ifdef __STDC_LIB_EXT1__ */</pre></td></tr><tr><td class='line-number'><a name='L53' href='#L53'><pre>53</pre></a></td><td class='covered-line'><pre>3</pre></td><td class='code'><pre>        printf(&quot;usage: %s inputfilename\n&quot;, argv[0]);</pre></td></tr><tr><td class='line-number'><a name='L54' href='#L54'><pre>54</pre></a></td><td class='covered-line'><pre>3</pre></td><td class='code'><pre>#endif /* #ifdef __STDC_LIB_EXT1__ */</pre></td></tr><tr><td class='line-number'><a name='L55' href='#L55'><pre>55</pre></a></td><td class='uncovered-line'></td><td class='code'><pre></pre></td></tr><tr><td class='line-number'><a name='L56' href='#L56'><pre>56</pre></a></td><td class='covered-line'><pre>3</pre></td><td class='code'><pre>        return 1;</pre></td></tr><tr><td class='line-number'><a name='L57' href='#L57'><pre>57</pre></a></td><td class='covered-line'><pre>3</pre></td><td class='code'><pre>    }</pre></td></tr><tr><td class='line-number'><a name='L58' href='#L58'><pre>58</pre></a></td><td class='covered-line'><pre>21</pre></td><td class='code'><pre>}</pre></td></tr></table></div></body></html>