<!doctype html><html>
 <head>
  <meta content="width=device-width,initial-scale=1" name="viewport"/>
  <meta charset="utf-8"/>
  <link href="../../style.css" rel="stylesheet" type="text/css"/>
 </head>
 <body>
  <h2>
   Coverage Report
  </h2>
  <h4>
   Created: 2024-03-12 09:37
  </h4>
  <div class="centered">
   <table>
    <div class="source-name-title">
     <pre>/workspaces/bowling_game_kata/cxx_cmake/src/bowling_game_cli.cpp</pre>
    </div>
    <tr>
     <td>
      <pre>Line</pre>
     </td>
     <td>
      <pre>Count</pre>
     </td>
     <td>
      <pre>Source</pre>
     </td>
    </tr>
    <tr>
     <td class="line-number">
      <a href="#L1" name="L1">
       <pre>1</pre>
      </a>
     </td>
     <td class="uncovered-line">
     </td>
     <td class="code">
      <pre>#define __STDC_WANT_LIB_EXT1__ 1</pre>
     </td>
    </tr>
    <tr>
     <td class="line-number">
      <a href="#L2" name="L2">
       <pre>2</pre>
      </a>
     </td>
     <td class="uncovered-line">
     </td>
     <td class="code">
      <pre>#include &lt;iostream&gt;</pre>
     </td>
    </tr>
    <tr>
     <td class="line-number">
      <a href="#L3" name="L3">
       <pre>3</pre>
      </a>
     </td>
     <td class="uncovered-line">
     </td>
     <td class="code">
      <pre>#include "bowling_game.hpp"</pre>
     </td>
    </tr>
    <tr>
     <td class="line-number">
      <a href="#L4" name="L4">
       <pre>4</pre>
      </a>
     </td>
     <td class="uncovered-line">
     </td>
     <td class="code">
      <pre></pre>
     </td>
    </tr>
    <tr>
     <td class="line-number">
      <a href="#L5" name="L5">
       <pre>5</pre>
      </a>
     </td>
     <td class="covered-line">
      <pre>21</pre>
     </td>
     <td class="code">
      <pre>int main(int argc, char *argv[]){</pre>
     </td>
    </tr>
    <tr>
     <td class="line-number">
      <a href="#L6" name="L6">
       <pre>6</pre>
      </a>
     </td>
     <td class="covered-line">
      <pre>21</pre>
     </td>
     <td class="code">
      <pre>    bowling_game* pGame;</pre>
     </td>
    </tr>
    <tr>
     <td class="line-number">
      <a href="#L7" name="L7">
       <pre>7</pre>
      </a>
     </td>
     <td class="covered-line">
      <pre>21</pre>
     </td>
     <td class="code">
      <pre>    int pins;</pre>
     </td>
    </tr>
    <tr>
     <td class="line-number">
      <a href="#L8" name="L8">
       <pre>8</pre>
      </a>
     </td>
     <td class="covered-line">
      <pre>21</pre>
     </td>
     <td class="code">
      <pre>    FILE *fp;</pre>
     </td>
    </tr>
    <tr>
     <td class="line-number">
      <a href="#L9" name="L9">
       <pre>9</pre>
      </a>
     </td>
     <td class="uncovered-line">
     </td>
     <td class="code">
      <pre>#ifdef __STDC_LIB_EXT1__</pre>
     </td>
    </tr>
    <tr>
     <td class="line-number">
      <a href="#L10" name="L10">
       <pre>10</pre>
      </a>
     </td>
     <td class="uncovered-line">
     </td>
     <td class="code">
      <pre>    errno_t error;</pre>
     </td>
    </tr>
    <tr>
     <td class="line-number">
      <a href="#L11" name="L11">
       <pre>11</pre>
      </a>
     </td>
     <td class="uncovered-line">
     </td>
     <td class="code">
      <pre>#endif /* #ifdef __STDC_LIB_EXT1__ */</pre>
     </td>
    </tr>
    <tr>
     <td class="line-number">
      <a href="#L12" name="L12">
       <pre>12</pre>
      </a>
     </td>
     <td class="uncovered-line">
     </td>
     <td class="code">
      <pre></pre>
     </td>
    </tr>
    <tr>
     <td class="line-number">
      <a href="#L13" name="L13">
       <pre>13</pre>
      </a>
     </td>
     <td class="covered-line">
      <pre>21</pre>
     </td>
     <td class="code">
      <pre>    if(argc == 2){</pre>
     </td>
    </tr>
    <tr>
     <td class="line-number">
      <a href="#L14" name="L14">
       <pre>14</pre>
      </a>
     </td>
     <td class="uncovered-line">
     </td>
     <td class="code">
      <pre>#ifdef __STDC_LIB_EXT1__</pre>
     </td>
    </tr>
    <tr>
     <td class="line-number">
      <a href="#L15" name="L15">
       <pre>15</pre>
      </a>
     </td>
     <td class="uncovered-line">
     </td>
     <td class="code">
      <pre>        error = fopen_s(&amp;fp, argv[1], "r");</pre>
     </td>
    </tr>
    <tr>
     <td class="line-number">
      <a href="#L16" name="L16">
       <pre>16</pre>
      </a>
     </td>
     <td class="uncovered-line">
     </td>
     <td class="code">
      <pre>        if(error != 0){</pre>
     </td>
    </tr>
    <tr>
     <td class="line-number">
      <a href="#L17" name="L17">
       <pre>17</pre>
      </a>
     </td>
     <td class="uncovered-line">
     </td>
     <td class="code">
      <pre>            printf_s("can't open %s\n", argv[1]);</pre>
     </td>
    </tr>
    <tr>
     <td class="line-number">
      <a href="#L18" name="L18">
       <pre>18</pre>
      </a>
     </td>
     <td class="uncovered-line">
     </td>
     <td class="code">
      <pre>            return 1;</pre>
     </td>
    </tr>
    <tr>
     <td class="line-number">
      <a href="#L19" name="L19">
       <pre>19</pre>
      </a>
     </td>
     <td class="uncovered-line">
     </td>
     <td class="code">
      <pre>        }</pre>
     </td>
    </tr>
    <tr>
     <td class="line-number">
      <a href="#L20" name="L20">
       <pre>20</pre>
      </a>
     </td>
     <td class="uncovered-line">
     </td>
     <td class="code">
      <pre>#else /* #ifdef __STDC_LIB_EXT1__ */</pre>
     </td>
    </tr>
    <tr>
     <td class="line-number">
      <a href="#L21" name="L21">
       <pre>21</pre>
      </a>
     </td>
     <td class="uncovered-line">
     </td>
     <td class="code">
      <pre>        fp = fopen(argv[1], "r");</pre>
     </td>
    </tr>
    <tr>
     <td class="line-number">
      <a href="#L22" name="L22">
       <pre>22</pre>
      </a>
     </td>
     <td class="covered-line">
      <pre>18</pre>
     </td>
     <td class="code">
      <pre>        if(fp == NULL){</pre>
     </td>
    </tr>
    <tr>
     <td class="line-number">
      <a href="#L23" name="L23">
       <pre>23</pre>
      </a>
     </td>
     <td class="covered-line">
      <pre>3</pre>
     </td>
     <td class="code">
      <pre>            printf("can't open %s\n", argv[1]);</pre>
     </td>
    </tr>
    <tr>
     <td class="line-number">
      <a href="#L24" name="L24">
       <pre>24</pre>
      </a>
     </td>
     <td class="covered-line">
      <pre>3</pre>
     </td>
     <td class="code">
      <pre>            return 1;</pre>
     </td>
    </tr>
    <tr>
     <td class="line-number">
      <a href="#L25" name="L25">
       <pre>25</pre>
      </a>
     </td>
     <td class="covered-line">
      <pre>3</pre>
     </td>
     <td class="code">
      <pre>        }</pre>
     </td>
    </tr>
    <tr>
     <td class="line-number">
      <a href="#L26" name="L26">
       <pre>26</pre>
      </a>
     </td>
     <td class="covered-line">
      <pre>15</pre>
     </td>
     <td class="code">
      <pre>#endif /* #ifdef __STDC_LIB_EXT1__ */</pre>
     </td>
    </tr>
    <tr>
     <td class="line-number">
      <a href="#L27" name="L27">
       <pre>27</pre>
      </a>
     </td>
     <td class="covered-line">
      <pre>15</pre>
     </td>
     <td class="code">
      <pre></pre>
     </td>
    </tr>
    <tr>
     <td class="line-number">
      <a href="#L28" name="L28">
       <pre>28</pre>
      </a>
     </td>
     <td class="covered-line">
      <pre>15</pre>
     </td>
     <td class="code">
      <pre>        pGame = new bowling_game();</pre>
     </td>
    </tr>
    <tr>
     <td class="line-number">
      <a href="#L29" name="L29">
       <pre>29</pre>
      </a>
     </td>
     <td class="covered-line">
      <pre>15</pre>
     </td>
     <td class="code">
      <pre></pre>
     </td>
    </tr>
    <tr>
     <td class="line-number">
      <a href="#L30" name="L30">
       <pre>30</pre>
      </a>
     </td>
     <td class="covered-line">
      <pre>291</pre>
     </td>
     <td class="code">
      <pre>        while(1){</pre>
     </td>
    </tr>
    <tr>
     <td class="line-number">
      <a href="#L31" name="L31">
       <pre>31</pre>
      </a>
     </td>
     <td class="covered-line">
      <pre>291</pre>
     </td>
     <td class="code">
      <pre>            fscanf(fp, "%d", &amp;pins);</pre>
     </td>
    </tr>
    <tr>
     <td class="line-number">
      <a href="#L32" name="L32">
       <pre>32</pre>
      </a>
     </td>
     <td class="covered-line">
      <pre>291</pre>
     </td>
     <td class="code">
      <pre>            if(pins &lt; 0){</pre>
     </td>
    </tr>
    <tr>
     <td class="line-number">
      <a href="#L33" name="L33">
       <pre>33</pre>
      </a>
     </td>
     <td class="covered-line">
      <pre>15</pre>
     </td>
     <td class="code">
      <pre>                break;</pre>
     </td>
    </tr>
    <tr>
     <td class="line-number">
      <a href="#L34" name="L34">
       <pre>34</pre>
      </a>
     </td>
     <td class="covered-line">
      <pre>276</pre>
     </td>
     <td class="code">
      <pre>            }else{</pre>
     </td>
    </tr>
    <tr>
     <td class="line-number">
      <a href="#L35" name="L35">
       <pre>35</pre>
      </a>
     </td>
     <td class="covered-line">
      <pre>276</pre>
     </td>
     <td class="code">
      <pre>                pGame-&gt;roll(pins);</pre>
     </td>
    </tr>
    <tr>
     <td class="line-number">
      <a href="#L36" name="L36">
       <pre>36</pre>
      </a>
     </td>
     <td class="covered-line">
      <pre>276</pre>
     </td>
     <td class="code">
      <pre>            }</pre>
     </td>
    </tr>
    <tr>
     <td class="line-number">
      <a href="#L37" name="L37">
       <pre>37</pre>
      </a>
     </td>
     <td class="covered-line">
      <pre>291</pre>
     </td>
     <td class="code">
      <pre>        }</pre>
     </td>
    </tr>
    <tr>
     <td class="line-number">
      <a href="#L38" name="L38">
       <pre>38</pre>
      </a>
     </td>
     <td class="covered-line">
      <pre>15</pre>
     </td>
     <td class="code">
      <pre>        fclose(fp);</pre>
     </td>
    </tr>
    <tr>
     <td class="line-number">
      <a href="#L39" name="L39">
       <pre>39</pre>
      </a>
     </td>
     <td class="covered-line">
      <pre>15</pre>
     </td>
     <td class="code">
      <pre></pre>
     </td>
    </tr>
    <tr>
     <td class="line-number">
      <a href="#L40" name="L40">
       <pre>40</pre>
      </a>
     </td>
     <td class="uncovered-line">
     </td>
     <td class="code">
      <pre>#ifdef __STDC_LIB_EXT1__</pre>
     </td>
    </tr>
    <tr>
     <td class="line-number">
      <a href="#L41" name="L41">
       <pre>41</pre>
      </a>
     </td>
     <td class="uncovered-line">
     </td>
     <td class="code">
      <pre>        printf_s("%d\n", pGame-&gt;score());</pre>
     </td>
    </tr>
    <tr>
     <td class="line-number">
      <a href="#L42" name="L42">
       <pre>42</pre>
      </a>
     </td>
     <td class="uncovered-line">
     </td>
     <td class="code">
      <pre>#else /* #ifdef __STDC_LIB_EXT1__ */</pre>
     </td>
    </tr>
    <tr>
     <td class="line-number">
      <a href="#L43" name="L43">
       <pre>43</pre>
      </a>
     </td>
     <td class="uncovered-line">
     </td>
     <td class="code">
      <pre>        printf("%d\n", pGame-&gt;score());</pre>
     </td>
    </tr>
    <tr>
     <td class="line-number">
      <a href="#L44" name="L44">
       <pre>44</pre>
      </a>
     </td>
     <td class="covered-line">
      <pre>15</pre>
     </td>
     <td class="code">
      <pre>#endif /* #ifdef __STDC_LIB_EXT1__ */</pre>
     </td>
    </tr>
    <tr>
     <td class="line-number">
      <a href="#L45" name="L45">
       <pre>45</pre>
      </a>
     </td>
     <td class="covered-line">
      <pre>15</pre>
     </td>
     <td class="code">
      <pre></pre>
     </td>
    </tr>
    <tr>
     <td class="line-number">
      <a href="#L46" name="L46">
       <pre>46</pre>
      </a>
     </td>
     <td class="covered-line">
      <pre>15</pre>
     </td>
     <td class="code">
      <pre>        delete pGame;</pre>
     </td>
    </tr>
    <tr>
     <td class="line-number">
      <a href="#L47" name="L47">
       <pre>47</pre>
      </a>
     </td>
     <td class="covered-line">
      <pre>15</pre>
     </td>
     <td class="code">
      <pre></pre>
     </td>
    </tr>
    <tr>
     <td class="line-number">
      <a href="#L48" name="L48">
       <pre>48</pre>
      </a>
     </td>
     <td class="covered-line">
      <pre>15</pre>
     </td>
     <td class="code">
      <pre>        return 0;</pre>
     </td>
    </tr>
    <tr>
     <td class="line-number">
      <a href="#L49" name="L49">
       <pre>49</pre>
      </a>
     </td>
     <td class="covered-line">
      <pre>15</pre>
     </td>
     <td class="code">
      <pre>    }else{</pre>
     </td>
    </tr>
    <tr>
     <td class="line-number">
      <a href="#L50" name="L50">
       <pre>50</pre>
      </a>
     </td>
     <td class="uncovered-line">
     </td>
     <td class="code">
      <pre>#ifdef __STDC_LIB_EXT1__</pre>
     </td>
    </tr>
    <tr>
     <td class="line-number">
      <a href="#L51" name="L51">
       <pre>51</pre>
      </a>
     </td>
     <td class="uncovered-line">
     </td>
     <td class="code">
      <pre>        printf_s("usage: %s inputfilename\n", argv[0]);</pre>
     </td>
    </tr>
    <tr>
     <td class="line-number">
      <a href="#L52" name="L52">
       <pre>52</pre>
      </a>
     </td>
     <td class="uncovered-line">
     </td>
     <td class="code">
      <pre>#else /* #ifdef __STDC_LIB_EXT1__ */</pre>
     </td>
    </tr>
    <tr>
     <td class="line-number">
      <a href="#L53" name="L53">
       <pre>53</pre>
      </a>
     </td>
     <td class="uncovered-line">
     </td>
     <td class="code">
      <pre>        printf("usage: %s inputfilename\n", argv[0]);</pre>
     </td>
    </tr>
    <tr>
     <td class="line-number">
      <a href="#L54" name="L54">
       <pre>54</pre>
      </a>
     </td>
     <td class="covered-line">
      <pre>3</pre>
     </td>
     <td class="code">
      <pre>#endif /* #ifdef __STDC_LIB_EXT1__ */</pre>
     </td>
    </tr>
    <tr>
     <td class="line-number">
      <a href="#L55" name="L55">
       <pre>55</pre>
      </a>
     </td>
     <td class="covered-line">
      <pre>3</pre>
     </td>
     <td class="code">
      <pre></pre>
     </td>
    </tr>
    <tr>
     <td class="line-number">
      <a href="#L56" name="L56">
       <pre>56</pre>
      </a>
     </td>
     <td class="covered-line">
      <pre>3</pre>
     </td>
     <td class="code">
      <pre>        return 1;</pre>
     </td>
    </tr>
    <tr>
     <td class="line-number">
      <a href="#L57" name="L57">
       <pre>57</pre>
      </a>
     </td>
     <td class="covered-line">
      <pre>3</pre>
     </td>
     <td class="code">
      <pre>    }</pre>
     </td>
    </tr>
    <tr>
     <td class="line-number">
      <a href="#L58" name="L58">
       <pre>58</pre>
      </a>
     </td>
     <td class="covered-line">
      <pre>21</pre>
     </td>
     <td class="code">
      <pre>}</pre>
     </td>
    </tr>
   </table>
  </div>
 </body>
</html>
